>кот, кошка
>Неизвестное слово "meat". Введите перевод или пустую строку для отказа.
>Слово "meat" сохранено в словаре как "мясо".
>мясо
>В словарь были внесены изменения. Введите Y или y для сохранения перед выходом.
>